// Jest Snapshot v1, https://goo.gl/fbAQLP

exports[`should render App Header with props 1`] = `
<div
  className="app-header"
>
  <button
    className="app-header__hamburger-button"
    onClick={[Function]}
    type="button"
  >
    <HamburgerIcon
      fill="#fff"
      size={24}
    />
  </button>
  <h1>
    flext
  </h1>
</div>
`;
