// Jest Snapshot v1, https://goo.gl/fbAQLP

exports[`should render Tabs with props 1`] = `
<Fragment>
  <div
    className="tabs__tablist"
  >
    <button
      className="tabs__tab"
      key="tab-bench"
      onClick={[Function]}
      type="button"
    >
      bench
    </button>
    <button
      className="tabs__tab--active tabs__tab"
      key="tab-row"
      onClick={[Function]}
      type="button"
    >
      row
    </button>
    <button
      className="tabs__tab"
      key="tab-squat"
      onClick={[Function]}
      type="button"
    >
      squat
    </button>
    <button
      className="tabs__tab"
      key="tab-deadlift"
      onClick={[Function]}
      type="button"
    >
      deadlift
    </button>
    <button
      className="tabs__tab"
      key="tab-overhead"
      onClick={[Function]}
      type="button"
    >
      overhead
    </button>
    <button
      className="tabs__tab"
      key="tab-chinup"
      onClick={[Function]}
      type="button"
    >
      chinup
    </button>
  </div>
  <div
    className="tabs__tab-content"
  />
</Fragment>
`;

exports[`should render Tabs with required props 1`] = `
<Fragment>
  <div
    className="tabs__tablist"
  >
    <button
      className="tabs__tab--active tabs__tab"
      key="tab-bench"
      onClick={[Function]}
      type="button"
    >
      bench
    </button>
    <button
      className="tabs__tab"
      key="tab-row"
      onClick={[Function]}
      type="button"
    >
      row
    </button>
    <button
      className="tabs__tab"
      key="tab-squat"
      onClick={[Function]}
      type="button"
    >
      squat
    </button>
    <button
      className="tabs__tab"
      key="tab-deadlift"
      onClick={[Function]}
      type="button"
    >
      deadlift
    </button>
    <button
      className="tabs__tab"
      key="tab-overhead"
      onClick={[Function]}
      type="button"
    >
      overhead
    </button>
    <button
      className="tabs__tab"
      key="tab-chinup"
      onClick={[Function]}
      type="button"
    >
      chinup
    </button>
  </div>
  <div
    className="tabs__tab-content"
  />
</Fragment>
`;
